goal: Nat.zero + Nat.zero.succ = Nat.zero.succ

query:
(assert (distinct (+ 0 1) (+ 0 1)))
(check-sat)
