goal: (p == q) = true â†’ (f p == f q) = true

query:
(declare-fun f (Bool) Bool)
(declare-const p Bool)
(declare-const q Bool)
(assert (not (=> (= (= p q) true) (= (= (f p) (f q)) true))))
(check-sat)
