goal: (p == q) = true â†’ (q == p) = true

query:
(declare-const q Bool)
(declare-const p Bool)
(assert (not (=> (= (= p q) true) (= (= q p) true))))
(check-sat)
